generated,id,first_name,email,country,ip_address,isbn
____5++++++IRAQ0000FFFFFFXXXXXXXXXXTest Value,1,Thomas,thart@mita.biz,Iraq,143.117.60.33,606558580-7
____3++++++INDO0000FFFFFFXXXXXXXXXXTest Value,2,Carol,cburton@quatz.net,Indonesia,58.58.223.16,305315666-0
____2++++++ANTA0000FFFFFFXXXXXXXXXXTest Value,3,Jeremy,jbowman@voolia.org,Antarctica,152.43.12.144,562485206-1
____T++++++NICA0000FFFFFFXXXXXXXXXXTest Value,4,Helen,hmcdonald@tazz.gov,Nicaragua,215.174.1.136,643800006-X
____[++++++SOUT0000FFFFFFXXXXXXXXXXTest Value,5,Jimmy,jbutler@blogpad.info,South Africa,75.228.179.212,266276572-0
____1++++++VANU0000FFFFFFXXXXXXXXXXTest Value,6,Patricia,pgilbert@feedfish.name,Vanuatu,237.250.203.2,631661305-9
____T++++++PERU0000FFFFFFXXXXXXXXXXTest Value,7,Jacqueline,jgordon@shufflebeat.gov,Peru,101.104.49.207,673152442-5
____2++++++PERU0000FFFFFFXXXXXXXXXXTest Value,8,Evelyn,egutierrez@cogibox.org,Peru,162.102.77.69,286409900-4
____1++++++IREL0000FFFFFFXXXXXXXXXXTest Value,9,Sarah,sfuller@buzzster.name,Ireland,200.27.43.210,894654430-9
____2++++++RWAN0000FFFFFFXXXXXXXXXXTest Value,10,Bobby,bbarnes@feedfish.org,Rwanda,141.157.154.54,863255478-6
____5++++++UZBE0000FFFFFFXXXXXXXXXXTest Value,11,Russell,rfowler@camido.biz,Uzbekistan,215.131.105.87,264038858-4
____1++++++NEPA0000FFFFFFXXXXXXXXXXTest Value,12,Nicole,njackson@quaxo.name,Nepal,101.40.167.134,766501958-7
____7++++++ZAMB0000FFFFFFXXXXXXXXXXTest Value,13,Shawn,sstewart@agimba.edu,Zambia,135.241.11.222,665204681-4
____T++++++ISLE0000FFFFFFXXXXXXXXXXTest Value,14,Janice,jshaw@twinder.com,Isle of Man,147.80.145.12,933839145-0
____!++++++CROA0000FFFFFFXXXXXXXXXXTest Value,15,Amy,awagner@devpulse.mil,Croatia,32.138.195.183,452697010-7
____2++++++CHRI0000FFFFFFXXXXXXXXXXTest Value,16,Victor,vmorales@brainsphere.org,Christmas Island,133.98.105.129,835814165-3
____3++++++VANU0000FFFFFFXXXXXXXXXXTest Value,17,Gary,gcox@aimbu.net,Vanuatu,56.147.204.73,101622872-4
____2++++++GREE0000FFFFFFXXXXXXXXXXTest Value,18,Jessica,jharris@oloo.org,Greenland,159.241.8.102,508512120-1
____1++++++CAME0000FFFFFFXXXXXXXXXXTest Value,19,Steve,srodriguez@gigazoom.name,Cameroon,161.56.190.44,909830782-5
____!++++++ZAMB0000FFFFFFXXXXXXXXXXTest Value,20,Lois,lweaver@rhynyx.mil,Zambia,167.215.28.125,869546377-X
____3++++++PALE0000FFFFFFXXXXXXXXXXTest Value,21,Jeffrey,jcoleman@zoovu.net,"Palestinian Territory, Occupied",215.77.156.195,942812187-8
____1++++++MARS0000FFFFFFXXXXXXXXXXTest Value,22,Timothy,tgreen@snaptags.name,Marshall Islands,171.157.139.120,299576929-1
____5++++++COOK0000FFFFFFXXXXXXXXXXTest Value,23,Ruth,rlynch@skimia.biz,Cook Islands,181.160.45.59,566885935-5
____1++++++BARB0000FFFFFFXXXXXXXXXXTest Value,24,Joyce,jlarson@voomm.name,Barbados,125.148.182.93,731957492-6
____5++++++SOMA0000FFFFFFXXXXXXXXXXTest Value,25,Jeremy,jcrawford@oozz.biz,Somalia,58.253.246.51,394783299-0
____2++++++NIGE0000FFFFFFXXXXXXXXXXTest Value,26,Jimmy,jhansen@quatz.org,Nigeria,128.195.214.18,194156674-X
____2++++++SLOV0000FFFFFFXXXXXXXXXXTest Value,27,Lillian,lwagner@browsebug.org,Slovenia,168.142.6.99,989518952-4
____!++++++NIGE0000FFFFFFXXXXXXXXXXTest Value,28,Heather,handerson@katz.mil,Niger,1.203.60.241,440999130-2
____3++++++KORE0000FFFFFFXXXXXXXXXXTest Value,29,Jimmy,jgordon@brightbean.net,"Korea, South",171.21.150.18,689818246-3
____[++++++SWED0000FFFFFFXXXXXXXXXXTest Value,30,Paula,plarson@kayveo.info,Sweden,195.164.190.130,892385973-7
____T++++++CROA0000FFFFFFXXXXXXXXXXTest Value,31,Michelle,mparker@yamia.gov,Croatia,225.250.0.146,979503850-8
____[++++++ANTA0000FFFFFFXXXXXXXXXXTest Value,32,Daniel,dfisher@eidel.info,Antarctica,98.239.51.81,442305590-2
____2+++++++SAN0000FFFFFFXXXXXXXXXXTest Value,33,Samuel,slane@kazio.org,San Marino,92.44.84.72,400346331-5
____!++++++USSR0000FFFFFFXXXXXXXXXXTest Value,34,Laura,lharper@miboo.mil,USSR,19.154.176.68,006236708-0
____!++++++GAMB0000FFFFFFXXXXXXXXXXTest Value,35,Virginia,vsmith@kwimbee.mil,Gambia,221.219.72.89,543626250-3
____!++++++SOLO0000FFFFFFXXXXXXXXXXTest Value,36,Louis,lmartinez@bubbletube.mil,Solomon Islands,39.160.216.186,452604201-3
____7++++++UZBE0000FFFFFFXXXXXXXXXXTest Value,37,Dorothy,dhernandez@innoz.edu,Uzbekistan,196.3.33.124,408161537-3
____T++++++ANGO0000FFFFFFXXXXXXXXXXTest Value,38,Frances,fmarshall@oozz.gov,Angola,80.108.134.161,879622742-7
____!++++++NIGE0000FFFFFFXXXXXXXXXXTest Value,39,Andrew,abowman@agivu.mil,Niger,58.149.0.198,883497756-4
____T++++++CAPE0000FFFFFFXXXXXXXXXXTest Value,40,Richard,rmcdonald@eimbee.com,Cape Verde,186.40.175.50,641777485-6
____2++++++JAMA0000FFFFFFXXXXXXXXXXTest Value,41,Judy,jpeterson@livepath.org,Jamaica,54.49.136.154,224445443-6
____T++++++TURK0000FFFFFFXXXXXXXXXXTest Value,42,Kimberly,kedwards@talane.gov,Turks and Caicos Islands,40.109.195.126,797243890-0
____1++++++MAUR0000FFFFFFXXXXXXXXXXTest Value,43,Daniel,dpeterson@linkbridge.name,Mauritania,60.106.241.220,723491135-9
____T++++++YUGO0000FFFFFFXXXXXXXXXXTest Value,44,Walter,wwilliams@meembee.com,Yugoslavia,112.152.8.1,606158123-8
____3++++++KIRI0000FFFFFFXXXXXXXXXXTest Value,45,Margaret,mscott@zazio.net,Kiribati,152.134.226.83,126644029-1
____3++++++BARB0000FFFFFFXXXXXXXXXXTest Value,46,Kathleen,kjenkins@meezzy.net,Barbados,246.36.205.195,863754134-8
____2++++++BRUN0000FFFFFFXXXXXXXXXXTest Value,47,Alice,asullivan@meezzy.org,Brunei Darussalam,101.249.196.118,356075037-7
____T++++++FIJI0000FFFFFFXXXXXXXXXXTest Value,48,Brandon,bramirez@blogpad.gov,Fiji,65.16.99.230,483004106-4
____T++++++SPAI0000FFFFFFXXXXXXXXXXTest Value,49,Melissa,mprice@youtags.com,Spain,207.240.15.14,353897312-1
____T++++++ARUB0000FFFFFFXXXXXXXXXXTest Value,50,Pamela,polson@leexo.com,Aruba,97.71.127.233,648204364-X
____7+++++++SAN0000FFFFFFXXXXXXXXXXTest Value,51,Jesse,jpatterson@topicware.edu,San Marino,117.57.51.98,679296503-0
____5++++++SLOV0000FFFFFFXXXXXXXXXXTest Value,52,Paul,pjacobs@yakidoo.biz,Slovakia,198.181.174.214,076244837-7
____5++++++NORF0000FFFFFFXXXXXXXXXXTest Value,53,Jeremy,jmatthews@abata.biz,Norfolk Island,147.97.129.199,890081868-6
____7++++++LESO0000FFFFFFXXXXXXXXXXTest Value,54,Ruth,rcampbell@browsedrive.edu,Lesotho,218.157.177.32,148019645-2
____7++++++BENI0000FFFFFFXXXXXXXXXXTest Value,55,Ryan,rcunningham@plambee.edu,Benin,202.51.54.192,391670972-0
____!++++++GUER0000FFFFFFXXXXXXXXXXTest Value,56,Susan,sgraham@mynte.mil,Guernsey,91.56.95.177,948180579-4
____1++++++CROA0000FFFFFFXXXXXXXXXXTest Value,57,Peter,pbanks@shuffletag.name,Croatia,1.197.238.225,798686576-8
____1++++++TONG0000FFFFFFXXXXXXXXXXTest Value,58,Karen,khanson@camido.name,Tonga,126.241.60.171,435829572-X
____!++++++GREE0000FFFFFFXXXXXXXXXXTest Value,59,Billy,bhunt@rhyloo.mil,Greece,89.23.100.90,194549716-5
____7++++++EGYP0000FFFFFFXXXXXXXXXXTest Value,60,Tammy,tbradley@quinu.edu,Egypt,24.150.118.160,119738861-3
____T++++++TRIN0000FFFFFFXXXXXXXXXXTest Value,61,Antonio,adiaz@fatz.gov,Trinidad and Tobago,37.170.44.231,693386375-1
____T++++++PALA0000FFFFFFXXXXXXXXXXTest Value,62,Shirley,sjones@flashdog.gov,Palau,224.124.196.36,753365783-7
____[++++++EQUA0000FFFFFFXXXXXXXXXXTest Value,63,Deborah,dryan@voonix.info,Equatorial Guinea,247.23.164.36,030270463-9
____3++++++QATA0000FFFFFFXXXXXXXXXXTest Value,64,William,wberry@chatterbridge.net,Qatar,29.73.85.127,592041918-0
____3++++++SIER0000FFFFFFXXXXXXXXXXTest Value,65,Ruth,rbishop@tagtune.net,Sierra Leone,79.192.244.45,134566421-4
____T++++++ZAMB0000FFFFFFXXXXXXXXXXTest Value,66,Virginia,vhowell@babbleset.gov,Zambia,241.65.131.207,269845674-4
____[++++++OMAN0000FFFFFFXXXXXXXXXXTest Value,67,Kenneth,krivera@kwimbee.info,Oman,190.230.228.143,882603825-2
____[++++++AUST0000FFFFFFXXXXXXXXXXTest Value,68,Amanda,awells@wikibox.info,Austria,241.193.93.250,102983738-4
____5++++++PUER0000FFFFFFXXXXXXXXXXTest Value,69,Ralph,rshaw@trudeo.biz,Puerto Rico,118.65.126.220,811876842-2
____2++++++GUAM0000FFFFFFXXXXXXXXXXTest Value,70,Eric,emurphy@voolith.org,Guam,61.204.178.75,942793522-7
____7++++++UNIT0000FFFFFFXXXXXXXXXXTest Value,71,Jessica,jfields@browsezoom.edu,United States of America,209.119.226.121,087142836-9
____1++++++CROA0000FFFFFFXXXXXXXXXXTest Value,72,Louise,lburns@trudeo.name,Croatia,120.237.78.234,567098962-7
____T++++++HONG0000FFFFFFXXXXXXXXXXTest Value,73,Timothy,twells@mydo.gov,Hong Kong,114.168.97.201,730720712-5
____!+++++++SAO0000FFFFFFXXXXXXXXXXTest Value,74,Brenda,boliver@edgeify.mil,Sao Tome and Principe,85.172.173.123,307446018-0
____[+++++++NEW0000FFFFFFXXXXXXXXXXTest Value,75,Joseph,jwilliamson@centidel.info,New Caledonia,103.211.246.28,737522725-X
____!++++++SAIN0000FFFFFFXXXXXXXXXXTest Value,76,Janice,jstanley@janyx.mil,Saint Martin,143.112.115.21,760687094-2
____7++++++ISRA0000FFFFFFXXXXXXXXXXTest Value,77,William,wbishop@camido.edu,Israel,9.207.94.23,981642962-4
____5++++++ROMA0000FFFFFFXXXXXXXXXXTest Value,78,Raymond,rsanders@oyoyo.biz,Romania,14.23.65.172,678560037-5
____T++++++JORD0000FFFFFFXXXXXXXXXXTest Value,79,Gerald,gellis@gigazoom.com,Jordan,7.229.204.172,400697940-1
____[++++++FREN0000FFFFFFXXXXXXXXXXTest Value,80,Jean,jbell@nlounge.info,French Polynesia,133.203.125.21,036994112-8
____5++++++MALA0000FFFFFFXXXXXXXXXXTest Value,81,Pamela,plewis@blogpad.biz,Malaysia,131.144.78.142,077750278-X
____1+++++++NEW0000FFFFFFXXXXXXXXXXTest Value,82,Karen,kking@yakijo.name,New Caledonia,167.170.85.132,081115101-8
____[++++++BERM0000FFFFFFXXXXXXXXXXTest Value,83,Stephanie,sjohnston@katz.info,Bermuda,133.116.75.239,010221911-7
____T++++++BHUT0000FFFFFFXXXXXXXXXXTest Value,84,Shawn,sjacobs@zoomzone.gov,Bhutan,171.59.143.115,479349816-7
____7++++++NIGE0000FFFFFFXXXXXXXXXXTest Value,85,Ashley,awalker@quimm.edu,Niger,203.240.122.48,133415266-7
____2++++++SAIN0000FFFFFFXXXXXXXXXXTest Value,86,Annie,ahenderson@avavee.org,Saint Martin,222.121.65.93,385710826-6
____5++++++NEPA0000FFFFFFXXXXXXXXXXTest Value,87,Melissa,mkim@skippad.biz,Nepal,246.58.173.108,382410717-1
____7++++++URUG0000FFFFFFXXXXXXXXXXTest Value,88,Jonathan,jcox@gevee.edu,Uruguay,68.245.252.52,604210327-X
____2++++++GABO0000FFFFFFXXXXXXXXXXTest Value,89,Cheryl,csmith@eamia.org,Gabon,237.122.26.3,253949390-4
____3++++++NORF0000FFFFFFXXXXXXXXXXTest Value,90,Robert,rnichols@jayo.net,Norfolk Island,1.63.91.138,490141423-2
____3++++++GIBR0000FFFFFFXXXXXXXXXXTest Value,91,Walter,whunter@divape.net,Gibraltar,27.113.35.36,008382412-X
____T++++++ÅLAN0000FFFFFFXXXXXXXXXXTest Value,92,Ernest,egray@tavu.com,Åland,179.240.235.23,209653559-X
____2++++++INDO0000FFFFFFXXXXXXXXXXTest Value,93,Irene,ibowman@viva.org,Indonesia,42.228.67.11,274307448-5
____3++++++GAMB0000FFFFFFXXXXXXXXXXTest Value,94,Denise,ddean@devcast.net,Gambia,234.17.166.128,918324928-1
____7++++++SERB0000FFFFFFXXXXXXXXXXTest Value,95,Earl,ejames@podcat.edu,Serbia,187.235.122.232,667752076-5
____T++++++HEAR0000FFFFFFXXXXXXXXXXTest Value,96,Angela,ahansen@demivee.com,Heard and McDonald Islands,96.108.249.46,029936840-8
____3++++++NAMI0000FFFFFFXXXXXXXXXXTest Value,97,Brandon,bsimmons@quinu.net,Namibia,239.101.233.204,133775501-X
____[+++++++SAO0000FFFFFFXXXXXXXXXXTest Value,98,Pamela,pjohnston@edgeify.info,Sao Tome and Principe,81.169.195.190,245609692-4
____1++++++INDO0000FFFFFFXXXXXXXXXXTest Value,99,Maria,mmeyer@browsedrive.name,Indonesia,23.38.206.192,947365886-9
____[++++++NAUR0000FFFFFFXXXXXXXXXXTest Value,100,Harry,hdavis@tekfly.info,Nauru,132.176.225.163,442034691-4